	linux-vdso.so.1 (0x00007ffda05fe000)
	libpng16.so.16 => /usr/lib/x86_64-linux-gnu/libpng16.so.16 (0x000078be18ac8000)
	libz.so.1 => /usr/lib/x86_64-linux-gnu/libz.so.1 (0x000078be18aac000)
	liblzma.so.5 => /usr/lib/x86_64-linux-gnu/liblzma.so.5 (0x000078be18a7a000)
	liblzo2.so.2 => /usr/lib/x86_64-linux-gnu/liblzo2.so.2 (0x000078be18a59000)
	libcurl.so.4 => /usr/lib/x86_64-linux-gnu/libcurl.so.4 (0x000078be18998000)
	libfluidsynth.so.3 => /usr/lib/x86_64-linux-gnu/libfluidsynth.so.3 (0x000078be188af000)
	libSDL2-2.0.so.0 => /usr/lib/x86_64-linux-gnu/libSDL2-2.0.so.0 (0x000078be186d3000)
	libfreetype.so.6 => /usr/lib/x86_64-linux-gnu/libfreetype.so.6 (0x000078be18607000)
	libfontconfig.so.1 => /usr/lib/x86_64-linux-gnu/libfontconfig.so.1 (0x000078be185b6000)
	libharfbuzz.so.0 => /usr/lib/x86_64-linux-gnu/libharfbuzz.so.0 (0x000078be184a9000)
	libicui18n.so.74 => /usr/lib/x86_64-linux-gnu/libicui18n.so.74 (0x000078be1815b000)
	libicuuc.so.74 => /usr/lib/x86_64-linux-gnu/libicuuc.so.74 (0x000078be17f4c000)
	libopusfile.so.0 => /usr/lib/x86_64-linux-gnu/libopusfile.so.0 (0x000078be17f3d000)
	libstdc++.so.6 => /usr/lib/x86_64-linux-gnu/libstdc++.so.6 (0x000078be17cbf000)
	libm.so.6 => /usr/lib/x86_64-linux-gnu/libm.so.6 (0x000078be17bd6000)
	libgcc_s.so.1 => /usr/lib/x86_64-linux-gnu/libgcc_s.so.1 (0x000078be17ba8000)
	libc.so.6 => /usr/lib/x86_64-linux-gnu/libc.so.6 (0x000078be17996000)
	libnghttp2.so.14 => /usr/lib/x86_64-linux-gnu/libnghttp2.so.14 (0x000078be17969000)
	libidn2.so.0 => /usr/lib/x86_64-linux-gnu/libidn2.so.0 (0x000078be17947000)
	librtmp.so.1 => /usr/lib/x86_64-linux-gnu/librtmp.so.1 (0x000078be17929000)
	libssh.so.4 => /usr/lib/x86_64-linux-gnu/libssh.so.4 (0x000078be178b7000)
	libpsl.so.5 => /usr/lib/x86_64-linux-gnu/libpsl.so.5 (0x000078be178a3000)
	libssl.so.3 => /usr/lib/x86_64-linux-gnu/libssl.so.3 (0x000078be177f7000)
	libcrypto.so.3 => /usr/lib/x86_64-linux-gnu/libcrypto.so.3 (0x000078be172e3000)
	libgssapi_krb5.so.2 => /usr/lib/x86_64-linux-gnu/libgssapi_krb5.so.2 (0x000078be1728f000)
	libldap.so.2 => /usr/lib/x86_64-linux-gnu/libldap.so.2 (0x000078be17231000)
	liblber.so.2 => /usr/lib/x86_64-linux-gnu/liblber.so.2 (0x000078be17221000)
	libzstd.so.1 => /usr/lib/x86_64-linux-gnu/libzstd.so.1 (0x000078be17167000)
	libbrotlidec.so.1 => /usr/lib/x86_64-linux-gnu/libbrotlidec.so.1 (0x000078be17157000)
	libgomp.so.1 => /usr/lib/x86_64-linux-gnu/libgomp.so.1 (0x000078be17101000)
	libglib-2.0.so.0 => /usr/lib/x86_64-linux-gnu/libglib-2.0.so.0 (0x000078be16fb8000)
	libsndfile.so.1 => /usr/lib/x86_64-linux-gnu/libsndfile.so.1 (0x000078be16f30000)
	libpulse-simple.so.0 => /usr/lib/x86_64-linux-gnu/libpulse-simple.so.0 (0x000078be16f29000)
	libpulse.so.0 => /usr/lib/x86_64-linux-gnu/libpulse.so.0 (0x000078be16ed6000)
	libasound.so.2 => /usr/lib/x86_64-linux-gnu/libasound.so.2 (0x000078be16dcc000)
	libjack.so.0 => /usr/lib/x86_64-linux-gnu/libjack.so.0 (0x000078be16da9000)
	libpipewire-0.3.so.0 => /usr/lib/x86_64-linux-gnu/libpipewire-0.3.so.0 (0x000078be16cc9000)
	libdbus-1.so.3 => /usr/lib/x86_64-linux-gnu/libdbus-1.so.3 (0x000078be16c7a000)
	libgmodule-2.0.so.0 => /usr/lib/x86_64-linux-gnu/libgmodule-2.0.so.0 (0x000078be16c73000)
	libinstpatch-1.0.so.2 => /usr/lib/x86_64-linux-gnu/libinstpatch-1.0.so.2 (0x000078be16bbb000)
	libgobject-2.0.so.0 => /usr/lib/x86_64-linux-gnu/libgobject-2.0.so.0 (0x000078be16b58000)
	libreadline.so.8 => /usr/lib/x86_64-linux-gnu/libreadline.so.8 (0x000078be16b03000)
	libsamplerate.so.0 => /usr/lib/x86_64-linux-gnu/libsamplerate.so.0 (0x000078be16994000)
	libX11.so.6 => /usr/lib/x86_64-linux-gnu/libX11.so.6 (0x000078be16857000)
	libXext.so.6 => /usr/lib/x86_64-linux-gnu/libXext.so.6 (0x000078be16841000)
	libXcursor.so.1 => /usr/lib/x86_64-linux-gnu/libXcursor.so.1 (0x000078be16835000)
	libXi.so.6 => /usr/lib/x86_64-linux-gnu/libXi.so.6 (0x000078be16822000)
	libXfixes.so.3 => /usr/lib/x86_64-linux-gnu/libXfixes.so.3 (0x000078be1681a000)
	libXrandr.so.2 => /usr/lib/x86_64-linux-gnu/libXrandr.so.2 (0x000078be1680d000)
	libXss.so.1 => /usr/lib/x86_64-linux-gnu/libXss.so.1 (0x000078be16808000)
	libdrm.so.2 => /usr/lib/x86_64-linux-gnu/libdrm.so.2 (0x000078be167ef000)
	libgbm.so.1 => /usr/lib/x86_64-linux-gnu/libgbm.so.1 (0x000078be167e8000)
	libwayland-egl.so.1 => /usr/lib/x86_64-linux-gnu/libwayland-egl.so.1 (0x000078be167e3000)
	libwayland-client.so.0 => /usr/lib/x86_64-linux-gnu/libwayland-client.so.0 (0x000078be167d3000)
	libwayland-cursor.so.0 => /usr/lib/x86_64-linux-gnu/libwayland-cursor.so.0 (0x000078be167c9000)
	libxkbcommon.so.0 => /usr/lib/x86_64-linux-gnu/libxkbcommon.so.0 (0x000078be16780000)
	libdecor-0.so.0 => /usr/lib/x86_64-linux-gnu/libdecor-0.so.0 (0x000078be16773000)
	libbz2.so.1.0 => /usr/lib/x86_64-linux-gnu/libbz2.so.1.0 (0x000078be1675f000)
	libexpat.so.1 => /usr/lib/x86_64-linux-gnu/libexpat.so.1 (0x000078be16733000)
	libgraphite2.so.3 => /usr/lib/x86_64-linux-gnu/libgraphite2.so.3 (0x000078be1670d000)
	libicudata.so.74 => /usr/lib/x86_64-linux-gnu/libicudata.so.74 (0x000078be149ad000)
	/lib64/ld-linux-x86-64.so.2 (0x000078be19cdf000)
	libogg.so.0 => /usr/lib/x86_64-linux-gnu/libogg.so.0 (0x000078be149a1000)
	libopus.so.0 => /usr/lib/x86_64-linux-gnu/libopus.so.0 (0x000078be14942000)
	libunistring.so.5 => /usr/lib/x86_64-linux-gnu/libunistring.so.5 (0x000078be14795000)
	libgnutls.so.30 => /usr/lib/x86_64-linux-gnu/libgnutls.so.30 (0x000078be1459a000)
	libhogweed.so.6 => /usr/lib/x86_64-linux-gnu/libhogweed.so.6 (0x000078be14552000)
	libnettle.so.8 => /usr/lib/x86_64-linux-gnu/libnettle.so.8 (0x000078be144fb000)
	libgmp.so.10 => /usr/lib/x86_64-linux-gnu/libgmp.so.10 (0x000078be14477000)
	libkrb5.so.3 => /usr/lib/x86_64-linux-gnu/libkrb5.so.3 (0x000078be143ae000)
	libk5crypto.so.3 => /usr/lib/x86_64-linux-gnu/libk5crypto.so.3 (0x000078be14382000)
	libcom_err.so.2 => /usr/lib/x86_64-linux-gnu/libcom_err.so.2 (0x000078be1437c000)
	libkrb5support.so.0 => /usr/lib/x86_64-linux-gnu/libkrb5support.so.0 (0x000078be1436d000)
	libsasl2.so.2 => /usr/lib/x86_64-linux-gnu/libsasl2.so.2 (0x000078be14353000)
	libbrotlicommon.so.1 => /usr/lib/x86_64-linux-gnu/libbrotlicommon.so.1 (0x000078be14330000)
	libpcre2-8.so.0 => /usr/lib/x86_64-linux-gnu/libpcre2-8.so.0 (0x000078be14296000)
	libFLAC.so.12 => /usr/lib/x86_64-linux-gnu/libFLAC.so.12 (0x000078be14232000)
	libvorbis.so.0 => /usr/lib/x86_64-linux-gnu/libvorbis.so.0 (0x000078be14202000)
	libvorbisenc.so.2 => /usr/lib/x86_64-linux-gnu/libvorbisenc.so.2 (0x000078be14157000)
	libmpg123.so.0 => /usr/lib/x86_64-linux-gnu/libmpg123.so.0 (0x000078be140fb000)
	libmp3lame.so.0 => /usr/lib/x86_64-linux-gnu/libmp3lame.so.0 (0x000078be14085000)
	libpulsecommon-16.1.so => /usr/lib/x86_64-linux-gnu/pulseaudio/libpulsecommon-16.1.so (0x000078be14007000)
	libdb-5.3.so => /usr/lib/x86_64-linux-gnu/libdb-5.3.so (0x000078be13e55000)
	libsystemd.so.0 => /usr/lib/x86_64-linux-gnu/libsystemd.so.0 (0x000078be13d75000)
	libffi.so.8 => /usr/lib/x86_64-linux-gnu/libffi.so.8 (0x000078be13d69000)
	libtinfo.so.6 => /usr/lib/x86_64-linux-gnu/libtinfo.so.6 (0x000078be13d35000)
	libxcb.so.1 => /usr/lib/x86_64-linux-gnu/libxcb.so.1 (0x000078be13d0c000)
	libXrender.so.1 => /usr/lib/x86_64-linux-gnu/libXrender.so.1 (0x000078be13cfe000)
	libp11-kit.so.0 => /usr/lib/x86_64-linux-gnu/libp11-kit.so.0 (0x000078be13b5a000)
	libtasn1.so.6 => /usr/lib/x86_64-linux-gnu/libtasn1.so.6 (0x000078be13b44000)
	libkeyutils.so.1 => /usr/lib/x86_64-linux-gnu/libkeyutils.so.1 (0x000078be13b3d000)
	libresolv.so.2 => /usr/lib/x86_64-linux-gnu/libresolv.so.2 (0x000078be13b29000)
	libX11-xcb.so.1 => /usr/lib/x86_64-linux-gnu/libX11-xcb.so.1 (0x000078be13b24000)
	libasyncns.so.0 => /usr/lib/x86_64-linux-gnu/libasyncns.so.0 (0x000078be13b1c000)
	libapparmor.so.1 => /usr/lib/x86_64-linux-gnu/libapparmor.so.1 (0x000078be13b07000)
	libcap.so.2 => /usr/lib/x86_64-linux-gnu/libcap.so.2 (0x000078be13afa000)
	libgcrypt.so.20 => /usr/lib/x86_64-linux-gnu/libgcrypt.so.20 (0x000078be139b0000)
	liblz4.so.1 => /usr/lib/x86_64-linux-gnu/liblz4.so.1 (0x000078be1398e000)
	libXau.so.6 => /usr/lib/x86_64-linux-gnu/libXau.so.6 (0x000078be13988000)
	libXdmcp.so.6 => /usr/lib/x86_64-linux-gnu/libXdmcp.so.6 (0x000078be13980000)
	libgpg-error.so.0 => /usr/lib/x86_64-linux-gnu/libgpg-error.so.0 (0x000078be1395b000)
	libbsd.so.0 => /usr/lib/x86_64-linux-gnu/libbsd.so.0 (0x000078be13943000)
	libmd.so.0 => /usr/lib/x86_64-linux-gnu/libmd.so.0 (0x000078be13934000)
