	linux-vdso.so.1 (0x00007ffda0baf000)
	libpng16.so.16 => /usr/lib/x86_64-linux-gnu/libpng16.so.16 (0x00007be84147b000)
	libz.so.1 => /usr/lib/x86_64-linux-gnu/libz.so.1 (0x00007be84145f000)
	liblzma.so.5 => /usr/lib/x86_64-linux-gnu/liblzma.so.5 (0x00007be84142d000)
	liblzo2.so.2 => /usr/lib/x86_64-linux-gnu/liblzo2.so.2 (0x00007be84140c000)
	libcurl.so.4 => /usr/lib/x86_64-linux-gnu/libcurl.so.4 (0x00007be84134b000)
	libfluidsynth.so.3 => /usr/lib/x86_64-linux-gnu/libfluidsynth.so.3 (0x00007be841262000)
	libSDL2-2.0.so.0 => /usr/lib/x86_64-linux-gnu/libSDL2-2.0.so.0 (0x00007be841086000)
	libfreetype.so.6 => /usr/lib/x86_64-linux-gnu/libfreetype.so.6 (0x00007be840fba000)
	libfontconfig.so.1 => /usr/lib/x86_64-linux-gnu/libfontconfig.so.1 (0x00007be840f69000)
	libharfbuzz.so.0 => /usr/lib/x86_64-linux-gnu/libharfbuzz.so.0 (0x00007be840e5c000)
	libicui18n.so.74 => /usr/lib/x86_64-linux-gnu/libicui18n.so.74 (0x00007be840b0e000)
	libicuuc.so.74 => /usr/lib/x86_64-linux-gnu/libicuuc.so.74 (0x00007be8408ff000)
	libopusfile.so.0 => /usr/lib/x86_64-linux-gnu/libopusfile.so.0 (0x00007be8408f0000)
	libstdc++.so.6 => /usr/lib/x86_64-linux-gnu/libstdc++.so.6 (0x00007be840672000)
	libm.so.6 => /usr/lib/x86_64-linux-gnu/libm.so.6 (0x00007be840589000)
	libgcc_s.so.1 => /usr/lib/x86_64-linux-gnu/libgcc_s.so.1 (0x00007be84055b000)
	libc.so.6 => /usr/lib/x86_64-linux-gnu/libc.so.6 (0x00007be840349000)
	libnghttp2.so.14 => /usr/lib/x86_64-linux-gnu/libnghttp2.so.14 (0x00007be84031c000)
	libidn2.so.0 => /usr/lib/x86_64-linux-gnu/libidn2.so.0 (0x00007be8402fa000)
	librtmp.so.1 => /usr/lib/x86_64-linux-gnu/librtmp.so.1 (0x00007be8402dc000)
	libssh.so.4 => /usr/lib/x86_64-linux-gnu/libssh.so.4 (0x00007be84026a000)
	libpsl.so.5 => /usr/lib/x86_64-linux-gnu/libpsl.so.5 (0x00007be840256000)
	libssl.so.3 => /usr/lib/x86_64-linux-gnu/libssl.so.3 (0x00007be8401aa000)
	libcrypto.so.3 => /usr/lib/x86_64-linux-gnu/libcrypto.so.3 (0x00007be83fc96000)
	libgssapi_krb5.so.2 => /usr/lib/x86_64-linux-gnu/libgssapi_krb5.so.2 (0x00007be83fc42000)
	libldap.so.2 => /usr/lib/x86_64-linux-gnu/libldap.so.2 (0x00007be83fbe4000)
	liblber.so.2 => /usr/lib/x86_64-linux-gnu/liblber.so.2 (0x00007be83fbd4000)
	libzstd.so.1 => /usr/lib/x86_64-linux-gnu/libzstd.so.1 (0x00007be83fb1a000)
	libbrotlidec.so.1 => /usr/lib/x86_64-linux-gnu/libbrotlidec.so.1 (0x00007be83fb0a000)
	libgomp.so.1 => /usr/lib/x86_64-linux-gnu/libgomp.so.1 (0x00007be83fab4000)
	libglib-2.0.so.0 => /usr/lib/x86_64-linux-gnu/libglib-2.0.so.0 (0x00007be83f96b000)
	libsndfile.so.1 => /usr/lib/x86_64-linux-gnu/libsndfile.so.1 (0x00007be83f8e3000)
	libpulse-simple.so.0 => /usr/lib/x86_64-linux-gnu/libpulse-simple.so.0 (0x00007be83f8dc000)
	libpulse.so.0 => /usr/lib/x86_64-linux-gnu/libpulse.so.0 (0x00007be83f889000)
	libasound.so.2 => /usr/lib/x86_64-linux-gnu/libasound.so.2 (0x00007be83f77f000)
	libjack.so.0 => /usr/lib/x86_64-linux-gnu/libjack.so.0 (0x00007be83f75c000)
	libpipewire-0.3.so.0 => /usr/lib/x86_64-linux-gnu/libpipewire-0.3.so.0 (0x00007be83f67c000)
	libdbus-1.so.3 => /usr/lib/x86_64-linux-gnu/libdbus-1.so.3 (0x00007be83f62d000)
	libgmodule-2.0.so.0 => /usr/lib/x86_64-linux-gnu/libgmodule-2.0.so.0 (0x00007be83f626000)
	libinstpatch-1.0.so.2 => /usr/lib/x86_64-linux-gnu/libinstpatch-1.0.so.2 (0x00007be83f56e000)
	libgobject-2.0.so.0 => /usr/lib/x86_64-linux-gnu/libgobject-2.0.so.0 (0x00007be83f50b000)
	libreadline.so.8 => /usr/lib/x86_64-linux-gnu/libreadline.so.8 (0x00007be83f4b6000)
	libsamplerate.so.0 => /usr/lib/x86_64-linux-gnu/libsamplerate.so.0 (0x00007be83f347000)
	libX11.so.6 => /usr/lib/x86_64-linux-gnu/libX11.so.6 (0x00007be83f20a000)
	libXext.so.6 => /usr/lib/x86_64-linux-gnu/libXext.so.6 (0x00007be83f1f4000)
	libXcursor.so.1 => /usr/lib/x86_64-linux-gnu/libXcursor.so.1 (0x00007be83f1e8000)
	libXi.so.6 => /usr/lib/x86_64-linux-gnu/libXi.so.6 (0x00007be83f1d5000)
	libXfixes.so.3 => /usr/lib/x86_64-linux-gnu/libXfixes.so.3 (0x00007be83f1cd000)
	libXrandr.so.2 => /usr/lib/x86_64-linux-gnu/libXrandr.so.2 (0x00007be83f1c0000)
	libXss.so.1 => /usr/lib/x86_64-linux-gnu/libXss.so.1 (0x00007be83f1bb000)
	libdrm.so.2 => /usr/lib/x86_64-linux-gnu/libdrm.so.2 (0x00007be83f1a2000)
	libgbm.so.1 => /usr/lib/x86_64-linux-gnu/libgbm.so.1 (0x00007be83f19b000)
	libwayland-egl.so.1 => /usr/lib/x86_64-linux-gnu/libwayland-egl.so.1 (0x00007be83f196000)
	libwayland-client.so.0 => /usr/lib/x86_64-linux-gnu/libwayland-client.so.0 (0x00007be83f186000)
	libwayland-cursor.so.0 => /usr/lib/x86_64-linux-gnu/libwayland-cursor.so.0 (0x00007be83f17c000)
	libxkbcommon.so.0 => /usr/lib/x86_64-linux-gnu/libxkbcommon.so.0 (0x00007be83f133000)
	libdecor-0.so.0 => /usr/lib/x86_64-linux-gnu/libdecor-0.so.0 (0x00007be83f126000)
	libbz2.so.1.0 => /usr/lib/x86_64-linux-gnu/libbz2.so.1.0 (0x00007be83f112000)
	libexpat.so.1 => /usr/lib/x86_64-linux-gnu/libexpat.so.1 (0x00007be83f0e6000)
	libgraphite2.so.3 => /usr/lib/x86_64-linux-gnu/libgraphite2.so.3 (0x00007be83f0c0000)
	libicudata.so.74 => /usr/lib/x86_64-linux-gnu/libicudata.so.74 (0x00007be83d360000)
	/lib64/ld-linux-x86-64.so.2 (0x00007be842692000)
	libogg.so.0 => /usr/lib/x86_64-linux-gnu/libogg.so.0 (0x00007be83d354000)
	libopus.so.0 => /usr/lib/x86_64-linux-gnu/libopus.so.0 (0x00007be83d2f5000)
	libunistring.so.5 => /usr/lib/x86_64-linux-gnu/libunistring.so.5 (0x00007be83d148000)
	libgnutls.so.30 => /usr/lib/x86_64-linux-gnu/libgnutls.so.30 (0x00007be83cf4d000)
	libhogweed.so.6 => /usr/lib/x86_64-linux-gnu/libhogweed.so.6 (0x00007be83cf05000)
	libnettle.so.8 => /usr/lib/x86_64-linux-gnu/libnettle.so.8 (0x00007be83ceae000)
	libgmp.so.10 => /usr/lib/x86_64-linux-gnu/libgmp.so.10 (0x00007be83ce2a000)
	libkrb5.so.3 => /usr/lib/x86_64-linux-gnu/libkrb5.so.3 (0x00007be83cd61000)
	libk5crypto.so.3 => /usr/lib/x86_64-linux-gnu/libk5crypto.so.3 (0x00007be83cd35000)
	libcom_err.so.2 => /usr/lib/x86_64-linux-gnu/libcom_err.so.2 (0x00007be83cd2f000)
	libkrb5support.so.0 => /usr/lib/x86_64-linux-gnu/libkrb5support.so.0 (0x00007be83cd20000)
	libsasl2.so.2 => /usr/lib/x86_64-linux-gnu/libsasl2.so.2 (0x00007be83cd06000)
	libbrotlicommon.so.1 => /usr/lib/x86_64-linux-gnu/libbrotlicommon.so.1 (0x00007be83cce3000)
	libpcre2-8.so.0 => /usr/lib/x86_64-linux-gnu/libpcre2-8.so.0 (0x00007be83cc49000)
	libFLAC.so.12 => /usr/lib/x86_64-linux-gnu/libFLAC.so.12 (0x00007be83cbe5000)
	libvorbis.so.0 => /usr/lib/x86_64-linux-gnu/libvorbis.so.0 (0x00007be83cbb5000)
	libvorbisenc.so.2 => /usr/lib/x86_64-linux-gnu/libvorbisenc.so.2 (0x00007be83cb0a000)
	libmpg123.so.0 => /usr/lib/x86_64-linux-gnu/libmpg123.so.0 (0x00007be83caae000)
	libmp3lame.so.0 => /usr/lib/x86_64-linux-gnu/libmp3lame.so.0 (0x00007be83ca38000)
	libpulsecommon-16.1.so => /usr/lib/x86_64-linux-gnu/pulseaudio/libpulsecommon-16.1.so (0x00007be83c9ba000)
	libdb-5.3.so => /usr/lib/x86_64-linux-gnu/libdb-5.3.so (0x00007be83c808000)
	libsystemd.so.0 => /usr/lib/x86_64-linux-gnu/libsystemd.so.0 (0x00007be83c728000)
	libffi.so.8 => /usr/lib/x86_64-linux-gnu/libffi.so.8 (0x00007be83c71c000)
	libtinfo.so.6 => /usr/lib/x86_64-linux-gnu/libtinfo.so.6 (0x00007be83c6e8000)
	libxcb.so.1 => /usr/lib/x86_64-linux-gnu/libxcb.so.1 (0x00007be83c6bf000)
	libXrender.so.1 => /usr/lib/x86_64-linux-gnu/libXrender.so.1 (0x00007be83c6b1000)
	libp11-kit.so.0 => /usr/lib/x86_64-linux-gnu/libp11-kit.so.0 (0x00007be83c50d000)
	libtasn1.so.6 => /usr/lib/x86_64-linux-gnu/libtasn1.so.6 (0x00007be83c4f7000)
	libkeyutils.so.1 => /usr/lib/x86_64-linux-gnu/libkeyutils.so.1 (0x00007be83c4f0000)
	libresolv.so.2 => /usr/lib/x86_64-linux-gnu/libresolv.so.2 (0x00007be83c4dc000)
	libX11-xcb.so.1 => /usr/lib/x86_64-linux-gnu/libX11-xcb.so.1 (0x00007be83c4d7000)
	libasyncns.so.0 => /usr/lib/x86_64-linux-gnu/libasyncns.so.0 (0x00007be83c4cf000)
	libapparmor.so.1 => /usr/lib/x86_64-linux-gnu/libapparmor.so.1 (0x00007be83c4ba000)
	libcap.so.2 => /usr/lib/x86_64-linux-gnu/libcap.so.2 (0x00007be83c4ad000)
	libgcrypt.so.20 => /usr/lib/x86_64-linux-gnu/libgcrypt.so.20 (0x00007be83c363000)
	liblz4.so.1 => /usr/lib/x86_64-linux-gnu/liblz4.so.1 (0x00007be83c341000)
	libXau.so.6 => /usr/lib/x86_64-linux-gnu/libXau.so.6 (0x00007be83c33b000)
	libXdmcp.so.6 => /usr/lib/x86_64-linux-gnu/libXdmcp.so.6 (0x00007be83c333000)
	libgpg-error.so.0 => /usr/lib/x86_64-linux-gnu/libgpg-error.so.0 (0x00007be83c30e000)
	libbsd.so.0 => /usr/lib/x86_64-linux-gnu/libbsd.so.0 (0x00007be83c2f6000)
	libmd.so.0 => /usr/lib/x86_64-linux-gnu/libmd.so.0 (0x00007be83c2e7000)
